2026-03-26 02:16:45,856 INFO o.a.j.u.JMeterUtils: Setting Locale to en_EN
2026-03-26 02:16:45,890 INFO o.a.j.JMeter: Loading user properties from: C:\Users\Administrator\Desktop\apache-jmeter-5.6.3\apache-jmeter-5.6.3\bin\user.properties
2026-03-26 02:16:45,891 INFO o.a.j.JMeter: Loading system properties from: C:\Users\Administrator\Desktop\apache-jmeter-5.6.3\apache-jmeter-5.6.3\bin\system.properties
2026-03-26 02:16:45,909 INFO o.a.j.JMeter: Copyright (c) 1998-2024 The Apache Software Foundation
2026-03-26 02:16:45,909 INFO o.a.j.JMeter: Version 5.6.3
2026-03-26 02:16:45,909 INFO o.a.j.JMeter: java.version=25.0.2
2026-03-26 02:16:45,909 INFO o.a.j.JMeter: java.vm.name=Java HotSpot(TM) 64-Bit Server VM
2026-03-26 02:16:45,909 INFO o.a.j.JMeter: os.name=Windows 11
2026-03-26 02:16:45,910 INFO o.a.j.JMeter: os.arch=amd64
2026-03-26 02:16:45,910 INFO o.a.j.JMeter: os.version=10.0
2026-03-26 02:16:45,910 INFO o.a.j.JMeter: file.encoding=UTF-8
2026-03-26 02:16:45,910 INFO o.a.j.JMeter: java.awt.headless=true
2026-03-26 02:16:45,911 INFO o.a.j.JMeter: Max memory     =1073741824
2026-03-26 02:16:45,911 INFO o.a.j.JMeter: Available Processors =8
2026-03-26 02:16:45,943 INFO o.a.j.JMeter: Default Locale=English (EN)
2026-03-26 02:16:45,943 INFO o.a.j.JMeter: JMeter  Locale=English (EN)
2026-03-26 02:16:45,944 INFO o.a.j.JMeter: JMeterHome=C:\Users\Administrator\Desktop\apache-jmeter-5.6.3\apache-jmeter-5.6.3
2026-03-26 02:16:45,944 INFO o.a.j.JMeter: user.dir  =C:\jmeterproject
2026-03-26 02:16:45,944 INFO o.a.j.JMeter: PWD       =C:\jmeterproject
2026-03-26 02:16:45,947 INFO o.a.j.JMeter: IP: 10.101.56.31 Name: DESKTOP-AJK2VM0 FullName: DESKTOP-AJK2VM0
2026-03-26 02:16:45,970 INFO o.a.j.JMeter: Setting property 'jmeter.reportgenerator.outputdir' to:'C:\jmeterproject\4-reports'
2026-03-26 02:16:45,971 ERROR o.a.j.JMeter: An error occurred: 
org.apache.jmeter.report.config.ConfigurationException: The file C:\jmeterproject\1-scripts\orangehrm_login.jmx doesn't exist or can't be opened
	at org.apache.jmeter.JMeter.runNonGui(JMeter.java:950) ~[ApacheJMeter_core.jar:5.6.3]
	at org.apache.jmeter.JMeter.startNonGui(JMeter.java:940) ~[ApacheJMeter_core.jar:5.6.3]
	at org.apache.jmeter.JMeter.start(JMeter.java:508) [ApacheJMeter_core.jar:5.6.3]
	at java.base/jdk.internal.reflect.DirectMethodHandleAccessor.invoke(DirectMethodHandleAccessor.java:104) ~[?:?]
	at java.base/java.lang.reflect.Method.invoke(Method.java:565) ~[?:?]
	at org.apache.jmeter.NewDriver.main(NewDriver.java:259) [ApacheJMeter.jar:5.6.3]
